// Jest Snapshot v1, https://goo.gl/fbAQLP

exports[`<Tab> should unregister tabs: one tab 1`] = `
<DocumentFragment>
  <button
    aria-controls="ðŸ…°32"
    aria-disabled="true"
    aria-selected="true"
    data-testid="btn2"
    role="tab"
    tabindex="0"
  />
</DocumentFragment>
`;

exports[`<Tab> should unregister tabs: two tabs 1`] = `
<DocumentFragment>
  <button
    aria-controls="ðŸ…°32"
    aria-disabled="true"
    aria-selected="true"
    data-testid="btn1"
    role="tab"
    tabindex="0"
  />
  <button
    aria-controls="ðŸ…°33"
    aria-disabled="false"
    aria-selected="false"
    data-testid="btn2"
    role="tab"
    tabindex="-1"
  />
</DocumentFragment>
`;

exports[`<TabList> should add role=tablist 1`] = `
<DocumentFragment>
  <div
    role="tablist"
  />
</DocumentFragment>
`;

exports[`<Tabs> should render child tabs and panels 1`] = `
<DocumentFragment>
  <div
    aria-controls="ðŸ…°0"
    aria-disabled="true"
    aria-selected="true"
    role="tab"
    tabindex="0"
  />
  <div
    aria-hidden="false"
    id="ðŸ…°0"
    style="visibility: visible;"
    tabindex="0"
  />
  some string
</DocumentFragment>
`;

exports[`<Tabs> should render child tabs and panels even when nested 1`] = `
<DocumentFragment>
  <div>
    <div>
      <div
        aria-controls="ðŸ…°1"
        aria-disabled="true"
        aria-selected="true"
        role="tab"
        tabindex="0"
      />
      <div
        aria-controls="ðŸ…°2"
        aria-disabled="false"
        aria-selected="false"
        role="tab"
        tabindex="-1"
      />
    </div>
  </div>
  <div>
    <div
      aria-hidden="false"
      id="ðŸ…°1"
      style="visibility: visible;"
      tabindex="0"
    />
    <div
      aria-hidden="true"
      id="ðŸ…°2"
      style="visibility: hidden;"
      tabindex="-1"
    />
  </div>
</DocumentFragment>
`;

exports[`<Tabs> should respond to active prop: 0=active, 1=inactive 1`] = `
<DocumentFragment>
  <div
    aria-controls="ðŸ…°5"
    aria-disabled="true"
    aria-selected="true"
    role="tab"
    tabindex="0"
  />
  <div
    aria-controls="ðŸ…°6"
    aria-disabled="false"
    aria-selected="false"
    role="tab"
    tabindex="-1"
  />
  <div
    aria-hidden="false"
    id="ðŸ…°5"
    style="visibility: visible;"
    tabindex="0"
  />
  <div
    aria-hidden="true"
    id="ðŸ…°6"
    style="visibility: hidden;"
    tabindex="-1"
  />
</DocumentFragment>
`;

exports[`<Tabs> should respond to active prop: 0=inactive, 1=active 1`] = `
<DocumentFragment>
  <div
    aria-controls="ðŸ…°5"
    aria-disabled="false"
    aria-selected="false"
    role="tab"
    tabindex="-1"
  />
  <div
    aria-controls="ðŸ…°6"
    aria-disabled="true"
    aria-selected="true"
    role="tab"
    tabindex="0"
  />
  <div
    aria-hidden="true"
    id="ðŸ…°5"
    style="visibility: hidden;"
    tabindex="-1"
  />
  <div
    aria-hidden="false"
    id="ðŸ…°6"
    style="visibility: visible;"
    tabindex="0"
  />
</DocumentFragment>
`;

exports[`<Tabs> should use defaultActive: 0=inactive, 1=active 1`] = `
<DocumentFragment>
  <div
    aria-controls="ðŸ…°3"
    aria-disabled="false"
    aria-selected="false"
    role="tab"
    tabindex="-1"
  />
  <div
    aria-controls="ðŸ…°4"
    aria-disabled="true"
    aria-selected="true"
    role="tab"
    tabindex="0"
  />
  <div
    aria-hidden="true"
    id="ðŸ…°3"
    style="visibility: hidden;"
    tabindex="-1"
  />
  <div
    aria-hidden="false"
    id="ðŸ…°4"
    style="visibility: visible;"
    tabindex="0"
  />
</DocumentFragment>
`;

exports[`<Tabs> should work with user-defined indexes: 0=inactive, 1=active 1`] = `
<DocumentFragment>
  <div
    aria-controls="ðŸ…°9"
    aria-disabled="true"
    aria-selected="true"
    data-index="1"
    role="tab"
    tabindex="0"
  />
  <div
    aria-controls="ðŸ…°10"
    aria-disabled="false"
    aria-selected="false"
    data-index="0"
    role="tab"
    tabindex="-1"
  />
  <div
    aria-hidden="true"
    data-index="0"
    id="ðŸ…°10"
    style="visibility: hidden;"
    tabindex="-1"
  />
  <div
    aria-hidden="false"
    data-index="1"
    id="ðŸ…°9"
    style="visibility: visible;"
    tabindex="0"
  />
</DocumentFragment>
`;
